Dump	==========================================================
Return	127.0.0.1
Return	127.0.0.1
Return	::1
Return	nil
Dump	==========================================================
Return	["127.0.0.1", "127.0.0.2", "::1", "192.168.5.1", "238.11.26.25", "fe80::21c:c0ff:fe18:f01c"]
Return	["192.168.5.1", "238.11.26.25", "fe80::21c:c0ff:fe18:f01c"]
Dump	==========================================================
