Dump	==========================================================
Return	3600
Dump	==========================================================
