Dump	=======================
Execute	.target.bash "rpm -q bind" 0
Execute	.target.bash "/etc/init.d/named status" 0
Execute	.target.bash "/etc/init.d/named stop" 0
Execute	.target.bash "/etc/init.d/named restart" 0
Read	.init.scripts.exists "named" true
Read	.init.scripts.runlevel "named" $["named":$["start":[], "stop":[]]]
Read	.sysconfig.named.NAMED_RUN_CHROOTED 0
Dir	.dns.named.section: ["options", "zone \"localhost\" in"]
Dir	.dns.named.value.options: ["directory", "notify"]
Read	.dns.named.value.options.directory ["\"/var/lib/named\""]
Read	.dns.named.value.options.notify ["no"]
Dir	.dns.named.value: ["options", "zone \"localhost\" in"]
Read	.dns.named.value."zone \"localhost\" in".type ["master"]
Read	.dns.named.value."zone \"localhost\" in".file ["\"localhost.zone\""]
Read	.dns.zone "/var/lib/named/localhost.zone" $["TTL":"1W", "records":[$["key":"", "type":"NS", "value":"@"], $["key":"", "type":"A", "value":"127.0.0.1"], $["key":"localhost2", "type":"A", "value":"127.0.0.2"]], "soa":$["expiry":"6W", "mail":"root", "minimum":"1W", "refresh":"2D", "retry":"4H", "serial":42, "server":"@", "zone":"@"]]
Dir	.dns.named.value."zone \"localhost\" in": ["file", "type"]
Read	.dns.named.value."zone \"localhost\" in".file ["\"localhost.zone\""]
Read	.dns.named.value."zone \"localhost\" in".type ["master"]
Return	true
Dump	=======================
Return	$["allowed_interfaces":[], "chroot":"0", "logging":[], "options":[$["key":"directory", "value":"\"/var/lib/named\""], $["key":"notify", "value":"no"]], "start_service":"0", "zones":[$["file":"localhost.zone", "options":[$["key":"file", "value":"\"localhost.zone\""], $["key":"type", "value":"master"]], "records":[$["key":"localhost.", "type":"NS", "value":"@"], $["key":"localhost.", "type":"A", "value":"127.0.0.1"], $["key":"localhost2", "type":"A", "value":"127.0.0.2"]], "soa":$["expiry":"6W", "mail":"root", "minimum":"1W", "refresh":"2D", "retry":"4H", "serial":"42", "server":"@", "zone":"@"], "ttl":"1W", "type":"master", "zone":"localhost"]]]
