Return	["Do not start DNS server when booting the system", "Configured zones: localhost (master), my.cz (master)"]
Dump	=======================
